exports[`Processing component renders correctly with min params 1`] = `
<div
  className="loading">
  <img
    alt="Processing... please wait..."
    height="24"
    src="../img/processing.gif"
    width="24" />
</div>
`;
